Script started on Fri 20 Jun 2014 10:39:54 UTC
root@raspberrypi:/home/pi/Desktop/github# ./script
bash: ./script: No such file or directory
root@raspberrypi:/home/pi/Desktop/github# chmof[Kd 777 script.sh 
root@raspberrypi:/home/pi/Desktop/github# chmod 777 script.sh [12P./script
bash: ./script: No such file or directory
root@raspberrypi:/home/pi/Desktop/github# ls
newfile  raspberry  script.sh  typescript
root@raspberrypi:/home/pi/Desktop/github# ls./script.sh
Hello World
root@raspberrypi:/home/pi/Desktop/github# nnao[K[K[Kno[K[Kano script.sh 
[?1049h[1;24r(B[m[4l[?7h[?12l[?25h[?1h=[?1h=[?1h=[39;49m[39;49m(B[m[H[2J(B[0;7m  GNU nano 2.2.6              File: script.sh                                   [3;1H(B[0m[36m#!/bin/bash[4d(B[0;1m[34mecho[39m(B[m (B[0;1m[33m"Hello World"[22;33H[39m(B[0;7m[ Read 2 lines ][23d^G(B[m Get Help  (B[0;7m^O(B[m WriteOut  (B[0;7m^R(B[m Read File (B[0;7m^Y(B[m Prev Page (B[0;7m^K(B[m Cut Text  (B[0;7m^C(B[m Cur Pos[24d(B[0;7m^X(B[m Exit[14G(B[0;7m^J(B[m Justify   (B[0;7m^W(B[m Where Is  (B[0;7m^V(B[m Next Page (B[0;7m^U(B[m UnCut Text(B[0;7m^T(B[m To Spell[3d[4d[C[C[C[C [C[C[C[C[C[C[C[C[C[C[C[C[C[5d[22d[K[5d[4;19H[1;71H(B[0;7mModified[4;6H(B[m"Hello World[K    [42m [49m(B[m[K      [42m [49m(B[m[K ech[K  [Kgit[42m [49m(B[m add[42m [49m(B[m .[5dgit[42m [49m(B[m commit[42m [49m(B[m -, m[42m [49m(B[m "(B[0;1m[33m""[39m(B[m(B[0;1m[33mi"[39m(B[m(B[0;1m[33mn"[39m(B[m(B[0;1m[33mi"[39m(B[m(B[0;1m[33mt"[39m(B[m(B[0;1m[33mi"[39m(B[m(B[0;1m[33ma"[39m(B[m(B[0;1m[33ml"[39m(B[m[C[6dgit[42m [49m(B[m push[42m [49m(B[m origin[42m [49m(B[m master[7d[22d(B[0;7mSave modified buffer (ANSWERING "No" WILL DESTROY CHANGES) ?                    [23;1H Y(B[m Yes[K[24d(B[0;7m N(B[m No  [14G   (B[0;7m^C(B[m Cancel[K[22;62H(B[0;7mFile Name to Write: script.sh                               [23d^G(B[m Get Help[23;21H(B[0;7mM-D(B[m DOS Format[41G(B[0;7mM-A(B[m Append[23;61H(B[0;7mM-B(B[m Backup File[24d(B[0;7m^C(B[m Cancel[17G    (B[0;7mM-M(B[m Mac Format[41G(B[0;7mM-P(B[m Prepend[22;30H(B[0;7mx(B[m(B[0;7mx(B[m(B[0;7mx(B[m(B[0;7m (B[m(B[0;7m (B[m(B[0;7m (B[m   [1K (B[0;7m[ Cancelled ](B[m[K[23;14H(B[0;7m^O(B[m WriteOut  (B[0;7m^R(B[m Read File (B[0;7m^Y(B[m Prev Page (B[0;7m^K(B[m Cut Text  (B[0;7m^C(B[m Cur Pos[24;2H(B[0;7mX(B[m Exit      (B[0;7m^J(B[m Justify   (B[0;7m^W(B[m Where Is  (B[0;7m^V(B[m Next Page (B[0;7m^U(B[m UnCut Text(B[0;7m^T(B[m To Spell[7d[22;15H(B[0;7m[ line 5/6 (83%), col 1/1 (100%), char 69/70 (98%) ][7d(B[m[22d(B[0;7mSave modified buffer (ANSWERING "No" WILL DESTROY CHANGES) ?                    [23;1H Y(B[m Yes[K[24d(B[0;7m N(B[m No  [14G   (B[0;7m^C(B[m Cancel[K[22;62H(B[0;7mFile Name to Write: script.sh                               [23d^G(B[m Get Help[23;21H(B[0;7mM-D(B[m DOS Format[41G(B[0;7mM-A(B[m Append[23;61H(B[0;7mM-B(B[m Backup File[24d(B[0;7m^C(B[m Cancel[17G    (B[0;7mM-M(B[m Mac Format[41G(B[0;7mM-P(B[m Prepend[22;30H[23d[39;49m(B[m[J[1;71H(B[0;7m        [22;31H(B[m[1K (B[0;7m[ Wrote 5 lines ](B[m[K[24;80H[24;1H[?1049l[?1l>root@raspberrypi:/home/pi/Desktop/github# nano script.sh [4P./script.sh
[master 4f701e0] initial
 Committer: root <root@raspberrypi.(none)>
Your name and email address were configured automatically based
on your username and hostname. Please check that they are accurate.
You can suppress this message by setting them explicitly:

    git config --global user.name "Your Name"
    git config --global user.email you@example.com

After doing this, you may fix the identity used for this commit wi